﻿
> isindu-portfolio@0.0.0 build
> vite build

[36mvite v5.4.3 [32mbuilding for production...[36m[39m
transforming...
[32mΓ£ô[39m 130 modules transformed.
node.exe : [31mx[39m Build 
failed in 746ms
At C:\Users\dkdra\AppData\Roam
ing\fnm\node-versions\v22.16.0
\installation\npm.ps1:29 
char:3
+   & $NODE_EXE $NPM_CLI_JS 
$args
+   
~~~~~~~~~~~~~~~~~~~~~~~~~~~~~
    + CategoryInfo          : 
    NotSpecified: ([31mx[3  
  9m Build failed in 746ms:   
 String) [], RemoteExcepti    
on
    + FullyQualifiedErrorId : 
    NativeCommandError
 
[31merror during build:
[31msrc/utils/data.js 
(2:48): "SiCss3" is not 
exported by "node_modules/reac
t-icons/si/index.mjs", 
imported by 
"src/utils/data.js".[31m
file: [36mC:/Users/dkdra/Desk
top/Isindu-Portfolio/src/utils
/data.js:2:48[31m
[33m
1: import {
2:   SiPython, SiJavascript, 
SiTypescript, SiHtml5, 
SiCss3, SiGnubash,
                              
                      ^
3:   SiReact, SiNextdotjs, 
SiBootstrap, SiNodedotjs, 
SiFlask, SiFastapi,
4:   SiTensorflow, SiPytorch, 
SiOpencv, SiNumpy, 
SiTailwindcss, SiMysql,
[31m
    at getRollupError (file://
/C:/Users/dkdra/Desktop/Isindu
-Portfolio/node_modules/rollup
/dist/es/shared/parseAst.js:39
2:41)
    at error (file:///C:/Users
/dkdra/Desktop/Isindu-Portfoli
o/node_modules/rollup/dist/es/
shared/parseAst.js:388:42)
    at Module.error (file:///C
:/Users/dkdra/Desktop/Isindu-P
ortfolio/node_modules/rollup/d
ist/es/shared/node-entry.js:13
967:16)
    at Module.traceVariable (f
ile:///C:/Users/dkdra/Desktop/
Isindu-Portfolio/node_modules/
rollup/dist/es/shared/node-ent
ry.js:14414:29)
    at 
ModuleScope.findVariable (file
:///C:/Users/dkdra/Desktop/Isi
ndu-Portfolio/node_modules/rol
lup/dist/es/shared/node-entry.
js:12121:39)
    at Identifier.bind (file:/
//C:/Users/dkdra/Desktop/Isind
u-Portfolio/node_modules/rollu
p/dist/es/shared/node-entry.js
:6941:40)
    at Property.bind (file:///
C:/Users/dkdra/Desktop/Isindu-
Portfolio/node_modules/rollup/
dist/es/shared/node-entry.js:4
808:23)
    at ObjectExpression.bind (
file:///C:/Users/dkdra/Desktop
/Isindu-Portfolio/node_modules
/rollup/dist/es/shared/node-en
try.js:4804:28)
    at ArrayExpression.bind (f
ile:///C:/Users/dkdra/Desktop/
Isindu-Portfolio/node_modules/
rollup/dist/es/shared/node-ent
ry.js:4804:28)
    at 
VariableDeclarator.bind (file:
///C:/Users/dkdra/Desktop/Isin
du-Portfolio/node_modules/roll
up/dist/es/shared/node-entry.j
s:4808:23)[39m
